// Jest Snapshot v1, https://goo.gl/fbAQLP

exports[`Author renders correctly 1`] = `
<div
  className="author"
>
  <Link
    to="/"
  >
    <picture>
      <source
        alt="test"
        className="author__photo"
        height="75"
        srcSet="/photo.webp.webp"
        type="image/webp"
        width="75"
      />
      <source
        alt="test"
        className="author__photo"
        height="75"
        srcSet="/photo.webp.jpg"
        type="image/jpeg"
        width="75"
      />
      <img
        alt="test"
        className="author__photo"
        height="75"
        src="/photo.webp.jpg"
        width="75"
      />
    </picture>
  </Link>
  <h2
    className="author__title"
  >
    <Link
      className="author__title-link"
      to="/"
    >
      test
    </Link>
  </h2>
  <p
    className="author__subtitle"
  >
    test
  </p>
</div>
`;
